// Jest Snapshot v1, https://goo.gl/fbAQLP

exports[`OptiFuseV3Factory #createPool gas 1`] = `4730891`;

exports[`OptiFuseV3Factory factory bytecode size 1`] = `5151`;

exports[`OptiFuseV3Factory pool bytecode size 1`] = `22962`;
